Script started on 2021-10-02 07:08:14+00:00 [TERM="screen" TTY="/dev/pts/1" COLUMNS="117" LINES="62"]
xu@f6linux15:~$ la -la[K[K[K[K[Ks -la | wc[1@C[1@U[1@S[1@T[1@O[1@M[1@E[1@R[1@S[1@2[1@ 
    103     920    5396
xu@f6linux15:~$ ls -la PRODUCTS2 | wc
    103     920    5494
xu@f6linux15:~$ ls[K[Kl CUSTOMERS2
20595117.txt  45193257.txt  49750558.txt  50732546.txt  51145127.txt  52008531.txt  52697458.txt  53009736.txt
30559999.txt  45273033.txt  49786731.txt  50736950.txt  51147790.txt  52012289.txt  52706646.txt  53016962.txt
35004134.txt  45284807.txt  49992211.txt  50761804.txt  51199159.txt  52173832.txt  52753467.txt  53037408.txt
35985708.txt  46134316.txt  50057481.txt  50774468.txt  51210331.txt  52223435.txt  52774618.txt  53047425.txt
36642996.txt  46983871.txt  50068216.txt  50776149.txt  51243012.txt  52254603.txt  52793250.txt  53052943.txt
38491967.txt  49042814.txt  50122160.txt  50881246.txt  51247650.txt  52266433.txt  52797744.txt  53071109.txt
38672733.txt  49115690.txt  50199793.txt  50895620.txt  51325095.txt  52447634.txt  52830980.txt  53072811.txt
39134375.txt  49148452.txt  50378566.txt  50913245.txt  51379338.txt  52476938.txt  52845727.txt  53082946.txt
39569598.txt  49202417.txt  50389232.txt  50941451.txt  51809405.txt  52496677.txt  52894384.txt  53084107.txt
41012519.txt  49273674.txt  50592435.txt  51010391.txt  51915884.txt  52500542.txt  52938698.txt
42800127.txt  49355567.txt  50608834.txt  51065232.txt  51917998.txt  52517734.txt  52947077.txt
43546353.txt  49447323.txt  50652563.txt  51110953.txt  51934027.txt  52564468.txt  52966385.txt
45041039.txt  49693975.txt  50702879.txt  51142763.txt  51987970.txt  52615377.txt  53008075.txt
xu@f6linux15:~$ l PRODUCTS2
0060193395.txt  014131088X.txt  0345417623.txt  0399150897.txt  0446672211.txt  0671027344.txt  0842329129.txt
0060392452.txt  0142001740.txt  0374332657.txt  0399501487.txt  0446677450.txt  0671027360.txt  0895260174.txt
0060514558.txt  0156027321.txt  0375826688.txt  0425198243.txt  0449004023.txt  0671524313.txt  0895261901.txt
0060582510.txt  0310205719.txt  038529929X.txt  0439064864.txt  0451191145.txt  0679444815.txt  0971453209.txt
0060761288.txt  0312195516.txt  0385335482.txt  0439136350.txt  0451524934.txt  0679735771.txt  0975599518.txt
0060763957.txt  0312278586.txt  0385337116.txt  0439139597.txt  0451526341.txt  0679781587.txt  1400046610.txt
0060875410.txt  0312857691.txt  0385484518.txt  043935806X.txt  0525947647.txt  0684801523.txt  1400050308.txt
0060928336.txt  0312864256.txt  0385497466.txt  0439784549.txt  0553272535.txt  068484267X.txt  1558743669.txt
0060930535.txt  0312864590.txt  038550120X.txt  0440212561.txt  0553375407.txt  0689817851.txt  1576734587.txt
0060938455.txt  0316011770.txt  0385504209.txt  0440219078.txt  0553573403.txt  0743222245.txt  1594480001.txt
0060987103.txt  0316601950.txt  0393317552.txt  0440414806.txt  0590353403.txt  0785263535.txt
0062502182.txt  0316666343.txt  0399142789.txt  0446310786.txt  059035342X.txt  0786868716.txt
0066214130.txt  0316769487.txt  0399144463.txt  044652252X.txt  0609610597.txt  0812511816.txt
0140177396.txt  0345340426.txt  039914563X.txt  0446532231.txt  0671021001.txt  0812548051.txt
014028009X.txt  0345342968.txt  039915079X.txt  0446608955.txt  0671025368.txt  0812550706.txt
xu@f6linux15:~$ ls -latr[K[K[K[K[K[K[K[K./stat_datamashing.sh PRODUCTS /datamash-1.3 tio1[K[K[Kop100products.txt
./stat_datamashing.sh: line 4: PRODUCTS/*.txt: No such file or directory
./stat_datamashing.sh: line 5: PRODUCTS/*.txt: No such file or directory
./stat_datamashing.sh: line 6: PRODUCTS/*.txt: No such file or directory
xu@f6linux15:~$ ./stat_datamashing.sh PRODUCTS /datamash-1.3 top100products.txt[1@2
xu@f6linux15:~$ sort -k 2 -n top100products.txt | head -n 1
PRODUCTS2/1558743669.txt -0.54259014008841 4.6385416666667 2.4802083333333
xu@f6linux15:~$ sort -k 2 -n top100products.txt | head -n 1[C[C[C[C[C[C[C[C[C[C[C[C[C[C[C[C[C[C[C[C[C[C[C[C[C[C[C[C[C[C[C[1P[1P[1P[1P[1@t[1@a[1@i[1@l
PRODUCTS2/0060875410.txt 0.19739977277477 3.1633986928105 11.143790849673
xu@f6linux15:~$ sort -k 2 -n top100products.txt | tail -n 1[1P[1P[1P[1P[1@h[1@e[1@a[1@d[1P[1@3
PRODUCTS2/0312864590.txt -0.055818062525759 1.6867945823928 8.1772009029345
xu@f6linux15:~$ sort -k 3 -n top100products.txt | head -n 1[1P[1P[1P[1P[1@t[1@a[1@i[1@l
PRODUCTS2/0439136350.txt -0.060760111709043 4.8400868306802 2.1512301013025
xu@f6linux15:~$ sort -k 3 -n top100products.txt | tail -n 1[1P[1P[1P[1P[1@h[1@e[1@a[1@d[1P[1@4
PRODUCTS2/038529929X.txt -0.067105501515312 2.9181518151815 0.59009900990099
xu@f6linux15:~$ sort -k 4 -n top100products.txt | head -n 1[1P[1P[1P[1P[1@t[1@a[1@i[1@l
PRODUCTS2/0060763957.txt 0.15197975868356 3.3507340946166 32.432300163132
xu@f6linux15:~$ exit

Script done on 2021-10-02 07:11:09+00:00 [COMMAND_EXIT_CODE="0"]
